-1033312463 -225715071 -670906435 -634110613 -461881150 -1129821243 -1590663081 -972963408 -185396848 -108217640 -1195207214 -1849258045 -1929512300 -274532261
