1710695898 1357921493 1834429687 1665882921 638635049 2112747170 1376444300 1046600257 166699390
<<<<<<< HEAD
=======

>>>>>>> master
