1412656873 113780956 708314342 2081498829 1009595470 1671950930 1687994207 338142310 2043925189 607616260 636241872 682048642
